// 重构日志: 504d7462
// 重构日志: 6969dedd
// 重构日志: c2e2e40d
// 重构日志: ba01c634
// 重构日志: 007cda67
// 重构日志: 29292d79
// 重构日志: f55d2070
// 同步 ID: 75529036 @ Tue Jul 14 12:39:28 UTC 2026
// 同步 ID: b09ce484 @ Wed Jul 15 12:22:38 UTC 2026
// 重构日志: 4df91c19
// 同步 ID: 89d9d302 @ Sun Jul 19 08:00:53 UTC 2026
// 重构日志: 8443f8d2
// 同步 ID: 045b9803 @ Mon Jul 20 15:40:28 UTC 2026
// 同步 ID: e2f03500 @ Tue Jul 21 13:52:14 UTC 2026
// 同步 ID: e2aebdfa @ Tue Jul 21 22:54:33 UTC 2026
// 同步 ID: e99ad2e4 @ Thu Jul 23 10:10:17 UTC 2026
// 同步 ID: 05bb2c1c @ Sun Jul 26 10:03:31 UTC 2026
// 重构日志: 48c988ce
// 重构日志: 6dbda534
// 重构日志: df041341
// 重构日志: 57b12dfe
// 重构日志: 173dc878
// 重构日志: b61fc3b7
// 重构日志: 03152565
// 重构日志: 9c794e88
// 重构日志: e8c0a7bf
// 重构日志: 0d027152
// 重构日志: 5f972469
// 重构日志: 2a2bbb5d
// 重构日志: b7b2b6c2
